AR27.AR28.AR29.AR32和AR33运行OSPF，AR28.AR30.AR31和AR34运行isis。
在AR28上做了双向路由引入，全SITE路由可达。

故障描述：AR32 的 loopback0 无法访问 ISIS 区域里的部分设备。



1.网络故障点的根因判断：

AR28的GigabitEthernet0/0/2 接口出方向配置了针对源IP地址为AR32 的Loopback0 的流量过滤行为

2.分析思路

根据故障发生的现象，自上而下分层分析故障，步骤如下：

2.1 故障现象确认

首先在 AR32 上指定源地址 ping ISIS 区域中相应设备的IP地址，验证故障现象，结果输出如下：

<AR32>ping -a 10.5.1.32 10.5.234.34
  PING 10.5.234.34: 56  data bytes, press CTRL_C to break
    Request time out
    Request time out
    Request time out
    Request time out
    Request time out

  --- 10.5.234.34 ping statistics ---
    5 packet(s) transmitted
    0 packet(s) received
    100.00% packet loss

<R32>ping -a 10.5.1.32 10.5.1.31
  PING 10.5.1.31: 56  data bytes, press CTRL_C to break
    Request time out
    Request time out
    Request time out
    Request time out
    Request time out

  --- 10.5.1.31 ping statistics ---
    5 packet(s) transmitted
    0 packet(s) received
    100.00% packet loss

<R32>ping -a 10.5.1.32 10.5.234.31
  PING 10.5.234.31: 56  data bytes, press CTRL_C to break
    Request time out
    Request time out
    Request time out
    Request time out
    Request time out

  --- 10.5.234.31 ping statistics ---
    5 packet(s) transmitted
    0 packet(s) received
    100.00% packet loss

<R32>ping -a 10.5.1.32 10.5.231.31
  PING 10.5.231.31: 56  data bytes, press CTRL_C to break
    Request time out
    Request time out
    Request time out
    Request time out
    Request time out

  --- 10.5.231.31 ping statistics ---
    5 packet(s) transmitted
    0 packet(s) received
    100.00% packet loss

由以上输出结果可知： AR32 的loopback0无法到达AR34 的GigabitEthernet0/0/1 以及AR31的所有接口，故障真实存在。根据故障现象，自上而下分层分析故障原因。

2.2 检查是否存在控制层面故障

2.2.1 检查AR32的路由表

造成上述故障原因可能是AR32没有学习到AR34和AR31相应的路由。进一步检查AR32的路由表，判断是否存在控制层面故障，结果输出如下：

<AR32>display ip routing-table | include  ASE
Route Flags: R - relay, D - download to fib
------------------------------------------------------------------------------
Routing Tables: Public
         Destinations : 18       Routes : 18       

Destination/Mask    Proto   Pre  Cost      Flags NextHop         Interface

10.5.1.30/32  O_ASE   150  1           D   10.5.232.28     GigabitEthernet0/0/0
10.5.1.31/32  O_ASE   150  1           D   10.5.232.28     GigabitEthernet0/0/0
10.5.1.34/32  O_ASE   150  1           D   10.5.232.28     GigabitEthernet0/0/0
10.5.134.0/24  O_ASE   150  1           D   10.5.232.28     GigabitEthernet0/0/0
10.5.230.0/24  O_ASE   150  1           D   10.5.232.28     GigabitEthernet0/0/0
10.5.231.0/24  O_ASE   150  1           D   10.5.232.28     GigabitEthernet0/0/0
10.5.234.0/24  O_ASE   150  1           D   10.5.232.28     GigabitEthernet0/0/0

由以上输出结果可知，AR32的路由表中存在IS-IS区域相应设备的路由。(包括AR34的 GigabitEthernet0/0/1 以及AR32的所有接口）

2.2.2 检查AR31和AR34的路由表

进一步检查AR31与AR34的路由表，判断AR31和AR34上是否有回包路由，结果输出如下：

<AR31>display ip routing-table 10.5.1.32
Route Flags: R - relay, D - download to fib
------------------------------------------------------------------------------
Routing Table : Public
Summary Count : 1
Destination/Mask    Proto   Pre  Cost      Flags NextHop         Interface

      10.5.1.32/32  ISIS-L2 15   74          D   10.5.231.28     GigabitEthernet0/0/2

<AR34>display ip routing-table 10.5.1.32
Route Flags: R - relay, D - download to fib
------------------------------------------------------------------------------
Routing Table : Public
Summary Count : 2
Destination/Mask    Proto   Pre  Cost      Flags NextHop         Interface

        0.0.0.0/0   ISIS-L1 15   10          D   10.5.134.30     GigabitEthernet0/0/0
                    ISIS-L1 15   10          D   10.5.234.31     GigabitEthernet0/0/1


由以上输出结果可知：AR32的路由表中存在IS-IS 区域相应设备的路由，AR31的路由表中存在 AR32 的 loopback0 接口的路由，AR34 的路由表中存在默认路由，

说明ARA28上的双向引入正确无误，初步判断控制层面不存在故障，下面进一步检查数据层面是否存在问题。

2.3 检查数据层面故障的原因

2.3.1 判断是否存在基于目标IP地址的流量过滤

数据层面无法转发流量的原因有多方面，首先考虑基于目的IP地址的流量过滤。

在AR32上不指定源IP地址 ping如下地址（基于目的地址的测试），检查到达AR34的GigabitEthernet0/0/1接口以及AR31的三个接口的连通性，结果输出如下：

<AR32>ping 10.5.1.31
  PING 10.5.1.31: 56  data bytes, press CTRL_C to break
    Reply from 10.5.1.31: bytes=56 Sequence=1 ttl=254 time=50 ms
    Reply from 10.5.1.31: bytes=56 Sequence=2 ttl=254 time=40 ms
    Reply from 10.5.1.31: bytes=56 Sequence=3 ttl=254 time=30 ms
    Reply from 10.5.1.31: bytes=56 Sequence=4 ttl=254 time=30 ms
    Reply from 10.5.1.31: bytes=56 Sequence=5 ttl=254 time=20 ms

  --- 10.5.1.31 ping statistics ---
    5 packet(s) transmitted
    5 packet(s) received
    0.00% packet loss
    round-trip min/avg/max = 20/34/50 ms

<AR32>ping 10.5.234.31
  PING 10.5.234.31: 56  data bytes, press CTRL_C to break
    Reply from 10.5.234.31: bytes=56 Sequence=1 ttl=254 time=30 ms
    Reply from 10.5.234.31: bytes=56 Sequence=2 ttl=254 time=40 ms
    Reply from 10.5.234.31: bytes=56 Sequence=3 ttl=254 time=30 ms
    Reply from 10.5.234.31: bytes=56 Sequence=4 ttl=254 time=40 ms
    Reply from 10.5.234.31: bytes=56 Sequence=5 ttl=254 time=30 ms

  --- 10.5.234.31 ping statistics ---
    5 packet(s) transmitted
    5 packet(s) received
    0.00% packet loss
    round-trip min/avg/max = 30/34/40 ms

<AR32>ping 10.5.231.31
  PING 10.5.231.31: 56  data bytes, press CTRL_C to break
    Reply from 10.5.231.31: bytes=56 Sequence=1 ttl=254 time=30 ms
    Reply from 10.5.231.31: bytes=56 Sequence=2 ttl=254 time=20 ms
    Reply from 10.5.231.31: bytes=56 Sequence=3 ttl=254 time=30 ms
    Reply from 10.5.231.31: bytes=56 Sequence=4 ttl=254 time=30 ms
    Reply from 10.5.231.31: bytes=56 Sequence=5 ttl=254 time=50 ms

  --- 10.5.231.31 ping statistics ---
    5 packet(s) transmitted
    5 packet(s) received
    0.00% packet loss
    round-trip min/avg/max = 20/32/50 ms

<AR32>ping 10.5.234.34
  PING 10.5.234.34: 56  data bytes, press CTRL_C to break
    Reply from 10.5.234.34: bytes=56 Sequence=1 ttl=253 time=30 ms
    Reply from 10.5.234.34: bytes=56 Sequence=2 ttl=253 time=40 ms
    Reply from 10.5.234.34: bytes=56 Sequence=3 ttl=253 time=50 ms
    Reply from 10.5.234.34: bytes=56 Sequence=4 ttl=253 time=30 ms
    Reply from 10.5.234.34: bytes=56 Sequence=5 ttl=253 time=40 ms

  --- 10.5.234.34 ping statistics ---
    5 packet(s) transmitted
    5 packet(s) received
    0.00% packet loss
    round-trip min/avg/max = 30/38/50 ms

由以上输出结果可知：AR28，AR31,AR34 没有配置基于目的地址为AR31的三个接口和AR34 GigabitEthernet0/0/1接口地址的流量过滤，

进一步判断沿途某些设备配置了针对源IP地址（AR32的loopback0)的流量过滤。

2.3.2 检查配置基于源IP地址的流量过滤策略的设备

使用AR32的Loopback0 接口地址作为源地址进行tracert验证，结果输出如下：

<AR32>tracert -a 10.5.1.32 10.5.1.31

 traceroute to  10.5.1.31(10.5.1.31), max hops: 30 ,packet length: 40,press CTRL_C to break 

 1 10.5.232.28 30 ms  20 ms  20 ms 

 2  *  *  * 

<AR32>tracert -a 10.5.1.32 10.5.234.31

 traceroute to  10.5.234.31(10.5.234.31), max hops: 30 ,packet length: 40,press CTRL_C to break 

 1 10.5.232.28 10 ms  20 ms  10 ms 

 2  *  *  * 

<R32>tracert -a 10.5.1.32 10.5.231.31

 traceroute to  10.5.234.31(10.5.234.31), max hops: 30 ,packet length: 40,press CTRL_C to break 

 1 10.5.232.28 20 ms  1 ms  10 ms 

 2  *  * 

<R32>tracert -a 10.5.1.32 10.5.234.34

 traceroute to  10.5.234.31(10.5.234.31), max hops: 30 ,packet length: 40,press CTRL_C to break 

 1 10.5.232.28 20 ms  1 ms  10 ms 

 2  *  * 


<AR32>tracert -a 10.5.1.32 10.5.1.34

 traceroute to  10.5.1.34(10.5.1.34), max hops: 30 ,packet length: 40,press CTRL
_C to break 

 1 10.5.232.28 30 ms  10 ms  30 ms 

 2  * 10.5.230.30 30 ms  * 

 3 10.5.134.34 40 ms  *  30 ms 

由以上输出结果可知： AR32指定源地址的 tracert 报文都是在AR28和AR31之间出现超时，初步判断AR28与AR31之间存在基于源IP地址的流量过滤。

进一步判断上述流量过滤策略配置具体位置。

2.3.3 检查基于源IP地址的流量过滤策略配置的具体位置

进一步判断流量过滤策略配置具体位置，在AR32上以Loopback0 作为源地址 ping 10.5.231.31测试，同时在AR31上查看的GigabitEthernet0/0/2 接口的相关信息，做前后的对比。
结果输出如下：

<AR32>ping -a 10.5.1.32 10.5.231.31
  PING 10.5.231.31: 56  data bytes, press CTRL_C to break
    Request time out
    Request time out
    Request time out
    Request time out
    Request time out

  --- 10.5.231.31 ping statistics ---
    5 packet(s) transmitted
    0 packet(s) received
    100.00% packet loss


<AR31>dis interface g0/0/2
GigabitEthernet0/0/2 current state : UP
Line protocol current state : UP
……略

Input:  258 packets, 340580 bytes
  Unicast:                 16,  Multicast:                 240
  Broadcast:                2,  Jumbo:                       0
  Discard:                  0,  Total Error:                 0


由以上输出结果可知，AR32上多次执行ping 测试，在 AR31的GigabitEthernet0/0/2接口观察到接口是 UP ,但接口上Input方向收到的单播报文并未增加，由此判断AR28没有将数据包发送出去。

2.4  排除其他设备是否配置流量过滤策略

在AR31和AR34上进一步排查是否存在其他流量过滤策略，结果输出如下：
<AR31>display  acl all 
 Total quantity of nonempty ACL number is 0 

<AR34>display  acl all 
 Total quantity of nonempty ACL number is 0 

通过以上输出结果可知，AR31与AR34上本身没有定义流量过滤的策略。

2.5  排除是否配置反向流量过滤策略

在A34上针对AR32的Loopback0 做路由跟踪，测试反方向访问数据是否存在过滤行为。
<AR34>tracert -a 10.5.1.34 10.5.1.32

 traceroute to  10.5.1.32(10.5.1.32), max hops: 30 ,packet length: 40,press CTRL_C to break 

 1 10.5.134.30 50 ms  20 ms  20 ms 

 2 10.5.230.28 30 ms  20 ms 10.5.231.28 30 ms 

 3 10.5.232.32 30 ms  30 ms  30 ms 

AR34针对AR32的Loopback0 地址做路由跟踪是成功的，所以可以排除AR34-AR32的反方向的数据包过滤。

2.6 综合分析

综上所述，AR28的GigabitEthernet0/0/2 接口出方向配置了针对源IP地址为 AR32 的Loopback0 的流量过滤行为。


3.解决方案

3.1 解决方案

在AR28上修改ACL放行相应的流量 ，执行命令如下：

         system-view                             //进入系统视图
         acl  {对应ACL序号}                      //如果存在ACL进行流量过滤，则修改ACL
         rule permit source x.x.x.x x.x.x.x      //放行相应的流量

执行完上述命令，在AR32上重新指定源地址ping测试以上无法访问的IP地址，验证故障是否排除。

3.2  高可能性

如果 AR32 在 ping 测试后，某些地址依然无法访问，可能存在使用高级 ACL 过滤报文，需要删除这些高级 ACL。

随后使用 ping 验证故障是否消除，如果故障已排除，需要指导客户保存所有设备配置并提交上述故障排查报告：

        Return                                                //退出用户视图
        save                                                  //保存配置防止设备掉电故障重现
        y                                                     //确认保存配置

执行完上述命令，在AR32上重新指定源地址ping测试以上无法访问的IP地址，验证故障是否排除。
                                     
如果执行完上述所有命令后，故障依旧存在，则需要用户提供完整的设备信息或者派遣一线工程师到达用户现场进行排查，同时拨打华为400服务热线请求华为专家的协助，谢谢！
     

